
> masterPortfolio@0.1.0 test
> react-scripts test

(node:14752) [DEP0176] DeprecationWarning: fs.F_OK is deprecated, use fs.constants.F_OK instead
(Use `node --trace-deprecation ...` to show where the warning was created)
FAIL src/App.test.js
  × renders without crashing (70ms)

  ● renders without crashing

    TypeError: Cannot read properties of undefined (reading 'title')

    [0m [90m 46 |[39m     telephone[33m:[39m contactPageData[33m.[39mphoneSection[33m?[39m[33m.[39msubtitle[33m,[39m
     [90m 47 |[39m     sameAs[33m:[39m sameAs[33m,[39m
    [31m[1m>[22m[39m[90m 48 |[39m     jobTitle[33m:[39m job[33m.[39mtitle[33m,[39m
     [90m    |[39m                   [31m[1m^[22m[39m
     [90m 49 |[39m     worksFor[33m:[39m {
     [90m 50 |[39m       [32m"@type"[39m[33m:[39m [32m"Organization"[39m[33m,[39m
     [90m 51 |[39m       name[33m:[39m job[33m.[39mcompany[33m,[39m[0m

      at SeoHeader (src/components/seoHeader/SeoHeader.js:48:19)
      at renderWithHooks (node_modules/react-dom/cjs/react-dom.development.js:14803:18)
      at mountIndeterminateComponent (node_modules/react-dom/cjs/react-dom.development.js:17482:13)
      at beginWork (node_modules/react-dom/cjs/react-dom.development.js:18596:16)
      at HTMLUnknownElement.callCallback (node_modules/react-dom/cjs/react-dom.development.js:188:14)
      at invokeEventListeners (node_modules/jsdom/lib/jsdom/living/events/EventTarget-impl.js:193:27)
      at HTMLUnknownElementImpl._dispatch (node_modules/jsdom/lib/jsdom/living/events/EventTarget-impl.js:119:9)
      at HTMLUnknownElementImpl.dispatchEvent (node_modules/jsdom/lib/jsdom/living/events/EventTarget-impl.js:82:17)
      at HTMLUnknownElementImpl.dispatchEvent (node_modules/jsdom/lib/jsdom/living/nodes/HTMLElement-impl.js:30:27)
      at HTMLUnknownElement.dispatchEvent (node_modules/jsdom/lib/jsdom/living/generated/EventTarget.js:157:21)
      at Object.invokeGuardedCallbackDev (node_modules/react-dom/cjs/react-dom.development.js:237:16)
      at invokeGuardedCallback (node_modules/react-dom/cjs/react-dom.development.js:292:31)
      at beginWork$1 (node_modules/react-dom/cjs/react-dom.development.js:23203:7)
      at performUnitOfWork (node_modules/react-dom/cjs/react-dom.development.js:22157:12)
      at workLoopSync (node_modules/react-dom/cjs/react-dom.development.js:22130:22)
      at performSyncWorkOnRoot (node_modules/react-dom/cjs/react-dom.development.js:21756:9)
      at scheduleUpdateOnFiber (node_modules/react-dom/cjs/react-dom.development.js:21188:7)
      at updateContainer (node_modules/react-dom/cjs/react-dom.development.js:24373:3)
      at node_modules/react-dom/cjs/react-dom.development.js:24758:7
      at unbatchedUpdates (node_modules/react-dom/cjs/react-dom.development.js:21903:12)
      at legacyRenderSubtreeIntoContainer (node_modules/react-dom/cjs/react-dom.development.js:24757:5)
      at Object.render (node_modules/react-dom/cjs/react-dom.development.js:24840:10)
      at Object.<anonymous> (src/App.test.js:7:12)

  console.error node_modules/jsdom/lib/jsdom/virtual-console.js:29
    Error: Uncaught [TypeError: Cannot read properties of undefined (reading 'title')]
        at reportException (D:\Python\portfolioo\masterPortfolio\node_modules\jsdom\lib\jsdom\living\helpers\runtime-script-errors.js:66:24)
        at invokeEventListeners (D:\Python\portfolioo\masterPortfolio\node_modules\jsdom\lib\jsdom\living\events\EventTarget-impl.js:209:9)
        at HTMLUnknownElementImpl._dispatch (D:\Python\portfolioo\masterPortfolio\node_modules\jsdom\lib\jsdom\living\events\EventTarget-impl.js:119:9)
        at HTMLUnknownElementImpl.dispatchEvent (D:\Python\portfolioo\masterPortfolio\node_modules\jsdom\lib\jsdom\living\events\EventTarget-impl.js:82:17)
        at HTMLUnknownElementImpl.dispatchEvent (D:\Python\portfolioo\masterPortfolio\node_modules\jsdom\lib\jsdom\living\nodes\HTMLElement-impl.js:30:27)
        at HTMLUnknownElement.dispatchEvent (D:\Python\portfolioo\masterPortfolio\node_modules\jsdom\lib\jsdom\living\generated\EventTarget.js:157:21)
        at Object.invokeGuardedCallbackDev (D:\Python\portfolioo\masterPortfolio\node_modules\react-dom\cjs\react-dom.development.js:237:16)
        at invokeGuardedCallback (D:\Python\portfolioo\masterPortfolio\node_modules\react-dom\cjs\react-dom.development.js:292:31)
        at beginWork$1 (D:\Python\portfolioo\masterPortfolio\node_modules\react-dom\cjs\react-dom.development.js:23203:7)
        at performUnitOfWork (D:\Python\portfolioo\masterPortfolio\node_modules\react-dom\cjs\react-dom.development.js:22157:12)
        at workLoopSync (D:\Python\portfolioo\masterPortfolio\node_modules\react-dom\cjs\react-dom.development.js:22130:22)
        at performSyncWorkOnRoot (D:\Python\portfolioo\masterPortfolio\node_modules\react-dom\cjs\react-dom.development.js:21756:9)
        at scheduleUpdateOnFiber (D:\Python\portfolioo\masterPortfolio\node_modules\react-dom\cjs\react-dom.development.js:21188:7)
        at updateContainer (D:\Python\portfolioo\masterPortfolio\node_modules\react-dom\cjs\react-dom.development.js:24373:3)
        at D:\Python\portfolioo\masterPortfolio\node_modules\react-dom\cjs\react-dom.development.js:24758:7
        at unbatchedUpdates (D:\Python\portfolioo\masterPortfolio\node_modules\react-dom\cjs\react-dom.development.js:21903:12)
        at legacyRenderSubtreeIntoContainer (D:\Python\portfolioo\masterPortfolio\node_modules\react-dom\cjs\react-dom.development.js:24757:5)
        at Object.render (D:\Python\portfolioo\masterPortfolio\node_modules\react-dom\cjs\react-dom.development.js:24840:10)
        at Object.<anonymous> (D:\Python\portfolioo\masterPortfolio\src\App.test.js:7:12)
        at Object.asyncJestTest (D:\Python\portfolioo\masterPortfolio\node_modules\jest-jasmine2\build\jasmineAsyncInstall.js:102:37)
        at D:\Python\portfolioo\masterPortfolio\node_modules\jest-jasmine2\build\queueRunner.js:43:12
        at new Promise (<anonymous>)
        at mapper (D:\Python\portfolioo\masterPortfolio\node_modules\jest-jasmine2\build\queueRunner.js:26:19)
        at D:\Python\portfolioo\masterPortfolio\node_modules\jest-jasmine2\build\queueRunner.js:73:41 TypeError: Cannot read properties of undefined (reading 'title')
        at SeoHeader (D:\Python\portfolioo\masterPortfolio\src\components\seoHeader\SeoHeader.js:48:19)
        at renderWithHooks (D:\Python\portfolioo\masterPortfolio\node_modules\react-dom\cjs\react-dom.development.js:14803:18)
        at mountIndeterminateComponent (D:\Python\portfolioo\masterPortfolio\node_modules\react-dom\cjs\react-dom.development.js:17482:13)
        at beginWork (D:\Python\portfolioo\masterPortfolio\node_modules\react-dom\cjs\react-dom.development.js:18596:16)
        at HTMLUnknownElement.callCallback (D:\Python\portfolioo\masterPortfolio\node_modules\react-dom\cjs\react-dom.development.js:188:14)
        at invokeEventListeners (D:\Python\portfolioo\masterPortfolio\node_modules\jsdom\lib\jsdom\living\events\EventTarget-impl.js:193:27)
        at HTMLUnknownElementImpl._dispatch (D:\Python\portfolioo\masterPortfolio\node_modules\jsdom\lib\jsdom\living\events\EventTarget-impl.js:119:9)
        at HTMLUnknownElementImpl.dispatchEvent (D:\Python\portfolioo\masterPortfolio\node_modules\jsdom\lib\jsdom\living\events\EventTarget-impl.js:82:17)
        at HTMLUnknownElementImpl.dispatchEvent (D:\Python\portfolioo\masterPortfolio\node_modules\jsdom\lib\jsdom\living\nodes\HTMLElement-impl.js:30:27)
        at HTMLUnknownElement.dispatchEvent (D:\Python\portfolioo\masterPortfolio\node_modules\jsdom\lib\jsdom\living\generated\EventTarget.js:157:21)
        at Object.invokeGuardedCallbackDev (D:\Python\portfolioo\masterPortfolio\node_modules\react-dom\cjs\react-dom.development.js:237:16)
        at invokeGuardedCallback (D:\Python\portfolioo\masterPortfolio\node_modules\react-dom\cjs\react-dom.development.js:292:31)
        at beginWork$1 (D:\Python\portfolioo\masterPortfolio\node_modules\react-dom\cjs\react-dom.development.js:23203:7)
        at performUnitOfWork (D:\Python\portfolioo\masterPortfolio\node_modules\react-dom\cjs\react-dom.development.js:22157:12)
        at workLoopSync (D:\Python\portfolioo\masterPortfolio\node_modules\react-dom\cjs\react-dom.development.js:22130:22)
        at performSyncWorkOnRoot (D:\Python\portfolioo\masterPortfolio\node_modules\react-dom\cjs\react-dom.development.js:21756:9)
        at scheduleUpdateOnFiber (D:\Python\portfolioo\masterPortfolio\node_modules\react-dom\cjs\react-dom.development.js:21188:7)
        at updateContainer (D:\Python\portfolioo\masterPortfolio\node_modules\react-dom\cjs\react-dom.development.js:24373:3)
        at D:\Python\portfolioo\masterPortfolio\node_modules\react-dom\cjs\react-dom.development.js:24758:7
        at unbatchedUpdates (D:\Python\portfolioo\masterPortfolio\node_modules\react-dom\cjs\react-dom.development.js:21903:12)
        at legacyRenderSubtreeIntoContainer (D:\Python\portfolioo\masterPortfolio\node_modules\react-dom\cjs\react-dom.development.js:24757:5)
        at Object.render (D:\Python\portfolioo\masterPortfolio\node_modules\react-dom\cjs\react-dom.development.js:24840:10)
        at Object.<anonymous> (D:\Python\portfolioo\masterPortfolio\src\App.test.js:7:12)
        at Object.asyncJestTest (D:\Python\portfolioo\masterPortfolio\node_modules\jest-jasmine2\build\jasmineAsyncInstall.js:102:37)
        at D:\Python\portfolioo\masterPortfolio\node_modules\jest-jasmine2\build\queueRunner.js:43:12
        at new Promise (<anonymous>)
        at mapper (D:\Python\portfolioo\masterPortfolio\node_modules\jest-jasmine2\build\queueRunner.js:26:19)
        at D:\Python\portfolioo\masterPortfolio\node_modules\jest-jasmine2\build\queueRunner.js:73:41

  console.warn node_modules/react-dom/cjs/react-dom.development.js:88
    Warning: componentWillReceiveProps has been renamed, and is not recommended for use. See https://fb.me/react-unsafe-component-lifecycles for details.
    
    * Move data fetching code or side effects to componentDidUpdate.
    * If you're updating state whenever props change, refactor your code to use memoization techniques or move it to static getDerivedStateFromProps. Learn more at: https://fb.me/react-derived-state
    * Rename componentWillReceiveProps to UNSAFE_componentWillReceiveProps to suppress this warning in non-strict mode. In React 17.x, only the UNSAFE_ name will work. To rename all deprecated lifecycles to their new names, you can run `npx react-codemod rename-unsafe-lifecycles` in your project source folder.
    
    Please update the following components: RevealBase

  console.error node_modules/react-dom/cjs/react-dom.development.js:19527
    The above error occurred in the <SeoHeader> component:
        in SeoHeader (at Header.js:24)
        in div (created by RevealBase)
        in RevealBase (created by Fade)
        in Fade (at Header.js:23)
        in Header (at HomeComponent.js:12)
        in div (at HomeComponent.js:11)
        in Home (at Main.js:44)
        in Route (at Main.js:37)
        in Switch (at Main.js:36)
        in Router (created by BrowserRouter)
        in BrowserRouter (at Main.js:35)
        in Main (at App.js:14)
        in div (at App.js:13)
        in Unknown (at App.js:10)
        in App (at App.test.js:7)
    
    Consider adding an error boundary to your tree to customize error handling behavior.
    Visit https://fb.me/react-error-boundaries to learn more about error boundaries.

Test Suites: 1 failed, 1 total
Tests:       1 failed, 1 total
Snapshots:   0 total
Time:        1.618s, estimated 2s
Ran all test suites.
